I'm sorry, but errors were detected in your script. Please correct the
errors listed below, and try again.


File "game/script.rpy", line 699: expected ':' not found.
    label letItBe
                 ^

Ren'Py Version: Ren'Py 8.3.2.24090902
Tue Feb  4 12:35:45 2025
